// Jest Snapshot v1, https://goo.gl/fbAQLP

exports[` Counter.vue debe de hacer match con el snapshot 1`] = `
<div>
  <h3>Counter</h3>
  <h3>15 <sup>2</sup>= 225</h3>
  <div class="buttonContainer"><button> +1</button><button>-1</button></div>
</div>
`;
